
> trajectory-action-tester@0.1.0 test
> vitest run --run


[1m[46m RUN [49m[22m [36mv3.2.4 [39m[90mC:/TrajectoryActionTester[39m

 [32m✓[39m src/api/capabilities.test.ts [2m([22m[2m6 tests[22m[2m)[22m[32m 19[2mms[22m[39m
 [32m✓[39m src/store/use-local-storage-persist.test.tsx [2m([22m[2m6 tests[22m[2m)[22m[32m 35[2mms[22m[39m
 [32m✓[39m src/store/connections.test.tsx [2m([22m[2m16 tests[22m[2m)[22m[32m 71[2mms[22m[39m
 [32m✓[39m src/App.test.tsx [2m([22m[2m2 tests[22m[2m)[22m[32m 163[2mms[22m[39m

[2m Test Files [22m [1m[32m4 passed[39m[22m[90m (4)[39m
[2m      Tests [22m [1m[32m30 passed[39m[22m[90m (30)[39m
[2m   Start at [22m 15:25:59
[2m   Duration [22m 1.98s[2m (transform 233ms, setup 588ms, collect 799ms, tests 288ms, environment 3.39s, prepare 771ms)[22m

